../Core/Src/main.c:81:5:main	8	static
../Core/Src/main.c:136:6:SystemClock_Config	72	static
../Core/Src/main.c:173:13:MX_TIM2_Init	64	static
../Core/Src/main.c:232:13:MX_TIM3_Init	64	static
../Core/Src/main.c:291:13:MX_USART1_UART_Init	8	static
../Core/Src/main.c:322:13:MX_DMA_Init	16	static
../Core/Src/main.c:340:13:MX_GPIO_Init	40	static
../Core/Src/main.c:366:6:HAL_UART_RxCpltCallback	16	static
../Core/Src/main.c:370:6:motor_start	8	static
../Core/Src/main.c:375:6:motor_stop	8	static
../Core/Src/main.c:380:6:motor_speed	24	static
../Core/Src/main.c:386:6:steering	24	static
../Core/Src/main.c:408:6:process_command	32	static
../Core/Src/main.c:435:6:Error_Handler	4	static,ignoring_inline_asm
